<html>
<body>
<pre>
<h1>µVision Build Log</h1>
<h2>Tool Versions:</h2>
IDE-Version: ¦ÌVision V5.38.0.0
Copyright (C) 2022 ARM Ltd and ARM Germany GmbH. All rights reserved.
License Information: 1 1, 1, LIC=FYKYW-Q09WG-2ZLW4-FLSJ1-SZ4PC-ANWJ6
 
Tool Versions:
Toolchain:       MDK-ARM Plus  Version: 5.38.0.0
Toolchain Path:  C:\Keil_v5\ARM\ARMCLANG\Bin
C Compiler:      ArmClang.exe V6.19
Assembler:       Armasm.exe V6.19
Linker/Locator:  ArmLink.exe V6.19
Library Manager: ArmAr.exe V6.19
Hex Converter:   FromElf.exe V6.19
CPU DLL:         SARMCM3.DLL V5.38.0.0
Dialog DLL:      DCM.DLL V1.17.5.0
Target DLL:      Segger\JL2CM3.dll V2.99.26.0
Dialog DLL:      TCM.DLL V1.56.4.0
 
<h2>Project:</h2>
E:\RP\CppTemplate\MDK-ARM\CppTemplate.uvprojx
Project File Date:  10/02/2023

<h2>Output:</h2>
*** Using Compiler 'V6.19', folder: 'C:\Keil_v5\ARM\ARMCLANG\Bin'
Build target 'CppTemplate'
assembling main.s...
compiling main.c...
assembling freertos.s...
assembling can.s...
assembling gpio.s...
assembling dma.s...
assembling tim.s...
assembling usart.s...
compiling gpio.c...
compiling dma.c...
compiling can.c...
compiling freertos.c...
compiling tim.c...
compiling stm32f4xx_it.c...
compiling usart.c...
assembling stm32f4xx_it.s...
assembling stm32f4xx_hal_msp.s...
assembling stm32f4xx_hal_timebase_tim.s...
assembling driver.s...
compiling stm32f4xx_hal_msp.c...
assembling driver_can.s...
compiling stm32f4xx_hal_timebase_tim.c...
compiling driver.cpp...
assembling driver_uart.s...
compiling driver_can.cpp...
assembling driver_haltick.s...
compiling driver_haltick.cpp...
compiling driver_uart.cpp...
compiling uart_protocol.cpp...
compiling remote.cpp...
linking...
Program Size: Code=103358 RO-data=8910 RW-data=28 ZI-data=24612  
FromELF: creating hex file...
".\CppTemplate\CppTemplate.axf" - 0 Error(s), 0 Warning(s).

<h2>Software Packages used:</h2>

Package Vendor: ARM
                http://www.keil.com/pack/ARM.CMSIS.5.9.0.pack
                ARM.CMSIS.5.9.0
                CMSIS (Common Microcontroller Software Interface Standard)
   * Component: CORE Version: 5.6.0

Package Vendor: Keil
                https://www.keil.com/pack/Keil.STM32F4xx_DFP.2.17.1.pack
                Keil.STM32F4xx_DFP.2.17.1
                STMicroelectronics STM32F4 Series Device Support, Drivers and Examples

<h2>Collection of Component include folders:</h2>
  ./RTE/_CppTemplate
  C:/Users/29425/AppData/Local/Arm/Packs/ARM/CMSIS/5.9.0/CMSIS/Core/Include
  C:/Users/29425/AppData/Local/Arm/Packs/Keil/STM32F4xx_DFP/2.17.1/Drivers/CMSIS/Device/ST/STM32F4xx/Include

<h2>Collection of Component Files used:</h2>

   * Component: ARM::CMSIS:CORE:5.6.0
      Include file:  CMSIS/Core/Include/tz_context.h
Build Time Elapsed:  00:00:02
</pre>
</body>
</html>
